


#include <iostream>
#ifdef _WIN32
    #include <windows.h>
#endif
#include <GL/glut.h>  // GLUT, includes glu.h and gl.h
#include <math.h>
#ifdef _MSC_VER                         // Check if MS Visual C compiler
#  pragma comment(lib, "opengl32.lib")  // Compiler-specific directive to avoid manually configuration
#  pragma comment(lib, "glu32.lib")     // Link libraries
#endif	
	
using namespace std;
struct vec2cpp{
	float x;
	float y;
	vec2cpp& operator=(const vec2cpp& other)
	{
		x = other.x;
		y = other.y;
		return *this;
	}
	vec2cpp& operator+(const vec2cpp& other)
	{
		x += other.x;
		y += other.y;
		return *this;
	}
	vec2cpp& operator-(const vec2cpp& other)
	{
		x -= other.x;
		y -= other.y;
		return *this;
	}
	bool operator==(const vec2cpp& other)
	{
		return (x==other.x && y==other.y);
	}
	bool operator!=(const vec2cpp& other)
	{
		return !(x==other.x && y==other.y);
	}
};
vec2cpp _ff = {0,0};
int myprogram();
void DrawAxes()
{
	glBegin(GL_LINES);
		glColor3f(1.0, 0.0, 0.0);
		glVertex2f(-1.0f, 0.0f);
		glVertex2f(+1.0f, 0.0f);
		glColor3f(0.0, 0.0, 1.0);
		glVertex2f(0.0f, -1.0f);
		glVertex2f(0.0f, +1.0f);
	glEnd();
}
void display() {
	glClear(GL_COLOR_BUFFER_BIT | GL_DEPTH_BUFFER_BIT); // Clear color and depth buffers
   	glMatrixMode(GL_MODELVIEW);     // To operate on model-view matrix

	// Render a color-cube consisting of 6 quads with different colors
   	glLoadIdentity();                 // Reset the model-view matrix

   	DrawAxes();
	myprogram();

  	glutSwapBuffers();  // Swap the front and back frame buffers (double buffering)
}
void init() {
	glClearColor(1.0, 1.0, 1.0, 1.0);
	glColor3f(0.0, 0.0, 0.0);
   	glClearDepth(1.0f);                   // Set background depth to farthest
   	glEnable(GL_DEPTH_TEST);   // Enable depth testing for z-culling
   	glDepthFunc(GL_LEQUAL);    // Set the type of depth-test
   	glShadeModel(GL_SMOOTH);   // Enable smooth shading
   	glHint(GL_PERSPECTIVE_CORRECTION_HINT, GL_NICEST);  // Nice perspective corrections
}
void reshape(GLsizei width, GLsizei height) {  // GLsizei for non-negative integer
// Compute aspect ratio of the new window
   if (height == 0) height = 1;                // To prevent divide by 0
   GLfloat aspect = (GLfloat)width / (GLfloat)height;
 
   // Set the viewport to cover the new window
   glViewport(0, 0, width, height);
 
   // Set the aspect ratio of the clipping area to match the viewport
   glMatrixMode(GL_PROJECTION);  // To operate on the Projection matrix
   glLoadIdentity();
   if (width >= height) {
     // aspect >= 1, set the height from -1 to 1, with larger width
      gluOrtho2D(-1.0 * aspect, 1.0 * aspect, -1.0, 1.0);
   } else {
      // aspect < 1, set the width to -1 to 1, with larger height
     gluOrtho2D(-1.0, 1.0, -1.0 / aspect, 1.0 / aspect);
   }
}
int main(int argc, char** argv)
{
	glutInit(&argc, argv);          // Initialize GLUT
	glutInitDisplayMode(GLUT_DEPTH | GLUT_DOUBLE | GLUT_RGBA);	// Enable double buffering
   	glutInitWindowSize(640, 480);   // Set the window's initial width & height - non-square
   	glutInitWindowPosition(50, 50); // Position the window's initial top-left corner
   	glutCreateWindow("Model Transform");  // Create window with the given title
   	glutDisplayFunc(display);       // Register callback handler for window re-paint event
   	glutReshapeFunc(reshape);       // Register callback handler for window re-size event
   	init();                       // Our own OpenGL initialization
   	glutMainLoop();                 // Enter the infinite event-processing loop
	return 0;
}
int myprogram(){

	
	float _t0 = 0.5;
	float _t1 = 0.5;
	vec2cpp _t2 = {_t0 , _t1};
	vec2cpp v1 = _t2;
	float _t3 = v1.x;
	float x = _t3;
	float _t4 = v1.y;
	float y = _t4;
	float _t5 = sqrt((v1.x * v1.x + v1.y * v1.y));	
v1.x = v1.x/_t5;
v1.y = v1.y/_t5;
vec2cpp _t6 = {x * v1.x + _ff.x , x * v1.y + _ff.y };
glBegin(GL_LINES);
	glColor3f(0.0, 0.0, 0.0);
	glVertex2f(_ff.x, _ff.y);
	glVertex2f(_t6.x , _t6.y);
glEnd();
_ff.x = _t6.x;
_ff.y = _t6.y;

	vec2cpp _t7 = _ff;
	float _t8 = sqrt((v1.x * v1.x + v1.y * v1.y));	
v1.x = v1.x/_t8;
v1.y = v1.y/_t8;
vec2cpp _t9 = {y * v1.x + _ff.x , y * v1.y + _ff.y };
glBegin(GL_LINES);
	glColor3f(0.0, 0.0, 0.0);
	glVertex2f(_ff.x, _ff.y);
	glVertex2f(_t9.x , _t9.y);
glEnd();
_ff.x = _t9.x;
_ff.y = _t9.y;

	vec2cpp _t10 = _ff;


	return 0;
}

